
> admin_hackjklu5.0_frontend@0.1.0 build
> next build

Γû▓ Next.js 16.1.6 (Turbopack)

  Creating an optimized production build ...
Γ£ô Compiled successfully in 11.5s
  Running TypeScript ...
node.exe : Failed to compile.
At C:\Program 
Files\nodejs\npm.ps1:29 char:3
+   & $NODE_EXE $NPM_CLI_JS $args
+   ~~~~~~~~~~~~~~~~~~~~~~~~~~~~~
    + CategoryInfo          : NotSp 
   ecified: (Failed to compile.:St  
  ring) [], RemoteException
    + FullyQualifiedErrorId : Nativ 
   eCommandError
 

./components/LoadingScreen.tsx:3:51
Type error: Cannot find module 
'framer-motion' or its 
corresponding type declarations.

[0m [90m 1 |[39m [32m'use 
client'[39m[33m;[39m
 [90m 2 |[39m
[31m[1m>[22m[39m[90m 3 |[39m 
[36mimport[39m { 
motion[33m,[39m [33mAnimatePresen
ce[39m[33m,[39m 
[33mVariants[39m } [36mfrom[39m 
[32m'framer-motion'[39m[33m;[39m
 [90m   |[39m                     
                              
[31m[1m^[22m[39m
 [90m 4 |[39m [36mimport[39m { 
useEffect[33m,[39m useState } 
[36mfrom[39m 
[32m'react'[39m[33m;[39m
 [90m 5 |[39m
 [90m 6 |[39m [36minterface[39m 
[33mLoadingScreenProps[39m {[0m
Next.js build worker exited with 
code: 1 and signal: null
